Passed: 54
Failed: 4
ok - aFunction should have 'this' as submit
ok - HTML onclick event can be connected to a function
ok - HTML onclick can be disconnected from a function
ok - aFunction should have 'this' as submit
ok - Checking that a DOM element can be connected to a function
ok - ...and then disconnected
ok - Connecting function
ok - New style disconnecting function
ok - Connecting function
ok - New style disconnecting function
ok - Connecting function
ok - Old style disconnecting function
ok - Connecting obj-function
ok - New style disconnecting obj-function
ok - Connecting obj-function
ok - Disconnecting obj-function
ok - Connecting obj-string
ok - New style disconnecting obj-string
ok - Connecting obj-string
ok - Old style disconnecting obj-string
ok - An exception was raised
ok - Exception raised, signal should not have fired
ok - Connecting one signal to two slots in one object
ok - Disconnecting one signal from two slots in one object
ok - Connecting one signal to two slots in two objects
ok - Disconnecting one signal from two slots in two objects
ok - An exception was raised when connecting undefined
ok - An exception was raised when disconnecting undefined
ok - An exception was raised when connecting an undefined function
ok - An exception was raised when disconnecting an undefined function
ok - An exception was raised when connecting an undefined method
ok - An exception was raised when connecting an undefined method (as string)
ok - Signals should not have fired
ok - disconnectAll works with single explicit signal
ok - disconnectAll works with single explicit signal
ok - disconnectAll does not disconnect unrelated signals
ok - disconnectAll works with two explicit signals
ok - disconnectAll works with two explicit signals as a list
ok - disconnectAll works with implicit signals
ok - disconnectAll fired in a signal loop works
ok - disconnectAllTo func precondition
ok - disconnectAllTo func
ok - disconnectAllTo obj precondition
ok - disconnectAllTo obj precondition
ok - disconnectAllTo obj
ok - disconnectAllTo obj
ok - disconnectAllTo obj+str
ok - disconnectAllTo obj+str
ok - __connect__ is called when it exists
ok - __disconnect__ is called when it exists
ok - disconnected slots do not fire
ok - custom signal does not re-bind methods
ok - connect uses late function binding
ok - test suite finished!
